2026-09-18 01:00:29.914: [INFO] CurrentProfilePath: C:\02Workspaces\15JSP\.metadata\.plugins\org.eclipse.swt\EBWebView\Default
2026-09-18 01:00:29.914: [INFO] Profiles total count: 1
2026-09-18 01:00:29.914: [INFO] Profile: name=프로필 1 path=C:\02Workspaces\15JSP\.metadata\.plugins\org.eclipse.swt\EBWebView\Default lastActive=null
2026-09-18 01:00:29.914: [INFO] LastUsedProfileDir: C:\02Workspaces\15JSP\.metadata\.plugins\org.eclipse.swt\EBWebView\Default
2026-09-18 01:00:29.914: [INFO] OnDoneLoading sync enabled: 0
2026-09-18 01:00:29.914: [INFO] BookmarkModelLoaded, ids_reassigned: 0
2026-09-18 01:00:29.914: [INFO] BookmarksLoadDropped droppedNodes=0
2026-09-18 01:00:29.914: [INFO] BookmarksSnapshot Startup total=0 bar=0 other=0 mobile=0 showBar=0 showBarNTP=1
2026-09-18 01:00:38.573: [INFO] BookmarksSnapshot Shutdown total=0 bar=0 other=0 mobile=0 showBar=0 showBarNTP=1
2026-09-18 01:50:59.507: [INFO] CurrentProfilePath: C:\02Workspaces\15JSP\.metadata\.plugins\org.eclipse.swt\EBWebView\Default
2026-09-18 01:50:59.507: [INFO] Profiles total count: 1
2026-09-18 01:50:59.507: [INFO] Profile: name=프로필 1 path=C:\02Workspaces\15JSP\.metadata\.plugins\org.eclipse.swt\EBWebView\Default lastActive=2026-09-18T01:00:30.342Z
2026-09-18 01:50:59.507: [INFO] LastUsedProfileDir: C:\02Workspaces\15JSP\.metadata\.plugins\org.eclipse.swt\EBWebView\Default
2026-09-18 01:50:59.507: [INFO] MostRecentlyActiveProfile: name=프로필 1 path=C:\02Workspaces\15JSP\.metadata\.plugins\org.eclipse.swt\EBWebView\Default lastActive=2026-09-18T01:00:30.342Z
2026-09-18 01:50:59.507: [INFO] OnDoneLoading sync enabled: 0
2026-09-18 01:50:59.507: [INFO] BookmarkModelLoaded, ids_reassigned: 0
2026-09-18 01:50:59.507: [INFO] BookmarksLoadDropped droppedNodes=0
2026-09-18 01:50:59.507: [INFO] BookmarksSnapshot Startup total=0 bar=0 other=0 mobile=0 showBar=0 showBarNTP=1
2026-09-18 01:51:11.558: [INFO] BookmarksSnapshot Shutdown total=0 bar=0 other=0 mobile=0 showBar=0 showBarNTP=1
2026-09-18 01:51:35.430: [INFO] CurrentProfilePath: C:\02Workspaces\15JSP\.metadata\.plugins\org.eclipse.swt\EBWebView\Default
2026-09-18 01:51:35.430: [INFO] Profiles total count: 1
2026-09-18 01:51:35.430: [INFO] Profile: name=프로필 1 path=C:\02Workspaces\15JSP\.metadata\.plugins\org.eclipse.swt\EBWebView\Default lastActive=2026-09-18T01:00:30.342Z
2026-09-18 01:51:35.430: [INFO] LastUsedProfileDir: C:\02Workspaces\15JSP\.metadata\.plugins\org.eclipse.swt\EBWebView\Default
2026-09-18 01:51:35.430: [INFO] MostRecentlyActiveProfile: name=프로필 1 path=C:\02Workspaces\15JSP\.metadata\.plugins\org.eclipse.swt\EBWebView\Default lastActive=2026-09-18T01:00:30.342Z
2026-09-18 01:51:35.430: [INFO] OnDoneLoading sync enabled: 0
2026-09-18 01:51:35.430: [INFO] BookmarkModelLoaded, ids_reassigned: 0
2026-09-18 01:51:35.430: [INFO] BookmarksLoadDropped droppedNodes=0
2026-09-18 01:51:35.430: [INFO] BookmarksSnapshot Startup total=0 bar=0 other=0 mobile=0 showBar=0 showBarNTP=1
2026-09-18 01:51:41.294: [INFO] BookmarksSnapshot Shutdown total=0 bar=0 other=0 mobile=0 showBar=0 showBarNTP=1
2026-09-18 01:52:06.915: [INFO] CurrentProfilePath: C:\02Workspaces\15JSP\.metadata\.plugins\org.eclipse.swt\EBWebView\Default
2026-09-18 01:52:06.915: [INFO] Profiles total count: 1
2026-09-18 01:52:06.915: [INFO] Profile: name=프로필 1 path=C:\02Workspaces\15JSP\.metadata\.plugins\org.eclipse.swt\EBWebView\Default lastActive=2026-09-18T01:00:30.342Z
2026-09-18 01:52:06.915: [INFO] LastUsedProfileDir: C:\02Workspaces\15JSP\.metadata\.plugins\org.eclipse.swt\EBWebView\Default
2026-09-18 01:52:06.915: [INFO] MostRecentlyActiveProfile: name=프로필 1 path=C:\02Workspaces\15JSP\.metadata\.plugins\org.eclipse.swt\EBWebView\Default lastActive=2026-09-18T01:00:30.342Z
2026-09-18 01:52:06.915: [INFO] OnDoneLoading sync enabled: 0
2026-09-18 01:52:06.915: [INFO] BookmarkModelLoaded, ids_reassigned: 0
2026-09-18 01:52:06.915: [INFO] BookmarksLoadDropped droppedNodes=0
2026-09-18 01:52:06.915: [INFO] BookmarksSnapshot Startup total=0 bar=0 other=0 mobile=0 showBar=0 showBarNTP=1
2026-09-18 01:52:11.610: [INFO] BookmarksSnapshot Shutdown total=0 bar=0 other=0 mobile=0 showBar=0 showBarNTP=1
2026-09-18 01:52:12.326: [INFO] CurrentProfilePath: C:\02Workspaces\15JSP\.metadata\.plugins\org.eclipse.swt\EBWebView\Default
2026-09-18 01:52:12.326: [INFO] Profiles total count: 1
2026-09-18 01:52:12.326: [INFO] Profile: name=프로필 1 path=C:\02Workspaces\15JSP\.metadata\.plugins\org.eclipse.swt\EBWebView\Default lastActive=2026-09-18T01:00:30.342Z
2026-09-18 01:52:12.326: [INFO] LastUsedProfileDir: C:\02Workspaces\15JSP\.metadata\.plugins\org.eclipse.swt\EBWebView\Default
2026-09-18 01:52:12.326: [INFO] MostRecentlyActiveProfile: name=프로필 1 path=C:\02Workspaces\15JSP\.metadata\.plugins\org.eclipse.swt\EBWebView\Default lastActive=2026-09-18T01:00:30.342Z
2026-09-18 01:52:12.326: [INFO] OnDoneLoading sync enabled: 0
2026-09-18 01:52:12.326: [INFO] BookmarkModelLoaded, ids_reassigned: 0
2026-09-18 01:52:12.326: [INFO] BookmarksLoadDropped droppedNodes=0
2026-09-18 01:52:12.326: [INFO] BookmarksSnapshot Startup total=0 bar=0 other=0 mobile=0 showBar=0 showBarNTP=1
2026-09-18 01:52:19.519: [INFO] BookmarksSnapshot Shutdown total=0 bar=0 other=0 mobile=0 showBar=0 showBarNTP=1
2026-09-18 01:52:39.240: [INFO] CurrentProfilePath: C:\02Workspaces\15JSP\.metadata\.plugins\org.eclipse.swt\EBWebView\Default
2026-09-18 01:52:39.240: [INFO] Profiles total count: 1
2026-09-18 01:52:39.241: [INFO] Profile: name=프로필 1 path=C:\02Workspaces\15JSP\.metadata\.plugins\org.eclipse.swt\EBWebView\Default lastActive=2026-09-18T01:00:30.342Z
2026-09-18 01:52:39.241: [INFO] LastUsedProfileDir: C:\02Workspaces\15JSP\.metadata\.plugins\org.eclipse.swt\EBWebView\Default
2026-09-18 01:52:39.241: [INFO] MostRecentlyActiveProfile: name=프로필 1 path=C:\02Workspaces\15JSP\.metadata\.plugins\org.eclipse.swt\EBWebView\Default lastActive=2026-09-18T01:00:30.342Z
2026-09-18 01:52:39.241: [INFO] OnDoneLoading sync enabled: 0
2026-09-18 01:52:39.241: [INFO] BookmarkModelLoaded, ids_reassigned: 0
2026-09-18 01:52:39.241: [INFO] BookmarksLoadDropped droppedNodes=0
2026-09-18 01:52:39.241: [INFO] BookmarksSnapshot Startup total=0 bar=0 other=0 mobile=0 showBar=0 showBarNTP=1
2026-09-18 01:52:46.078: [INFO] BookmarksSnapshot Shutdown total=0 bar=0 other=0 mobile=0 showBar=0 showBarNTP=1
2026-09-18 01:53:09.645: [INFO] CurrentProfilePath: C:\02Workspaces\15JSP\.metadata\.plugins\org.eclipse.swt\EBWebView\Default
2026-09-18 01:53:09.645: [INFO] Profiles total count: 1
2026-09-18 01:53:09.645: [INFO] Profile: name=프로필 1 path=C:\02Workspaces\15JSP\.metadata\.plugins\org.eclipse.swt\EBWebView\Default lastActive=2026-09-18T01:00:30.342Z
2026-09-18 01:53:09.645: [INFO] LastUsedProfileDir: C:\02Workspaces\15JSP\.metadata\.plugins\org.eclipse.swt\EBWebView\Default
2026-09-18 01:53:09.645: [INFO] MostRecentlyActiveProfile: name=프로필 1 path=C:\02Workspaces\15JSP\.metadata\.plugins\org.eclipse.swt\EBWebView\Default lastActive=2026-09-18T01:00:30.342Z
2026-09-18 01:53:09.645: [INFO] OnDoneLoading sync enabled: 0
2026-09-18 01:53:09.645: [INFO] BookmarkModelLoaded, ids_reassigned: 0
2026-09-18 01:53:09.645: [INFO] BookmarksLoadDropped droppedNodes=0
2026-09-18 01:53:09.645: [INFO] BookmarksSnapshot Startup total=0 bar=0 other=0 mobile=0 showBar=0 showBarNTP=1
2026-09-18 01:53:15.581: [INFO] BookmarksSnapshot Shutdown total=0 bar=0 other=0 mobile=0 showBar=0 showBarNTP=1
2026-09-18 01:53:58.150: [INFO] CurrentProfilePath: C:\02Workspaces\15JSP\.metadata\.plugins\org.eclipse.swt\EBWebView\Default
2026-09-18 01:53:58.150: [INFO] Profiles total count: 1
2026-09-18 01:53:58.150: [INFO] Profile: name=프로필 1 path=C:\02Workspaces\15JSP\.metadata\.plugins\org.eclipse.swt\EBWebView\Default lastActive=2026-09-18T01:00:30.342Z
2026-09-18 01:53:58.150: [INFO] LastUsedProfileDir: C:\02Workspaces\15JSP\.metadata\.plugins\org.eclipse.swt\EBWebView\Default
2026-09-18 01:53:58.150: [INFO] MostRecentlyActiveProfile: name=프로필 1 path=C:\02Workspaces\15JSP\.metadata\.plugins\org.eclipse.swt\EBWebView\Default lastActive=2026-09-18T01:00:30.342Z
2026-09-18 01:53:58.150: [INFO] OnDoneLoading sync enabled: 0
2026-09-18 01:53:58.150: [INFO] BookmarkModelLoaded, ids_reassigned: 0
2026-09-18 01:53:58.150: [INFO] BookmarksLoadDropped droppedNodes=0
2026-09-18 01:53:58.150: [INFO] BookmarksSnapshot Startup total=0 bar=0 other=0 mobile=0 showBar=0 showBarNTP=1
2026-09-18 01:54:02.577: [INFO] BookmarksSnapshot Shutdown total=0 bar=0 other=0 mobile=0 showBar=0 showBarNTP=1
2026-09-18 01:54:32.000: [INFO] CurrentProfilePath: C:\02Workspaces\15JSP\.metadata\.plugins\org.eclipse.swt\EBWebView\Default
2026-09-18 01:54:32.000: [INFO] Profiles total count: 1
2026-09-18 01:54:32.000: [INFO] Profile: name=프로필 1 path=C:\02Workspaces\15JSP\.metadata\.plugins\org.eclipse.swt\EBWebView\Default lastActive=2026-09-18T01:00:30.342Z
2026-09-18 01:54:32.000: [INFO] LastUsedProfileDir: C:\02Workspaces\15JSP\.metadata\.plugins\org.eclipse.swt\EBWebView\Default
2026-09-18 01:54:32.000: [INFO] MostRecentlyActiveProfile: name=프로필 1 path=C:\02Workspaces\15JSP\.metadata\.plugins\org.eclipse.swt\EBWebView\Default lastActive=2026-09-18T01:00:30.342Z
2026-09-18 01:54:32.000: [INFO] OnDoneLoading sync enabled: 0
2026-09-18 01:54:32.000: [INFO] BookmarkModelLoaded, ids_reassigned: 0
2026-09-18 01:54:32.000: [INFO] BookmarksLoadDropped droppedNodes=0
2026-09-18 01:54:32.000: [INFO] BookmarksSnapshot Startup total=0 bar=0 other=0 mobile=0 showBar=0 showBarNTP=1
2026-09-18 01:54:36.142: [INFO] BookmarksSnapshot Shutdown total=0 bar=0 other=0 mobile=0 showBar=0 showBarNTP=1
2026-09-18 01:55:36.433: [INFO] CurrentProfilePath: C:\02Workspaces\15JSP\.metadata\.plugins\org.eclipse.swt\EBWebView\Default
2026-09-18 01:55:36.433: [INFO] Profiles total count: 1
2026-09-18 01:55:36.433: [INFO] Profile: name=프로필 1 path=C:\02Workspaces\15JSP\.metadata\.plugins\org.eclipse.swt\EBWebView\Default lastActive=2026-09-18T01:00:30.342Z
2026-09-18 01:55:36.433: [INFO] LastUsedProfileDir: C:\02Workspaces\15JSP\.metadata\.plugins\org.eclipse.swt\EBWebView\Default
2026-09-18 01:55:36.433: [INFO] MostRecentlyActiveProfile: name=프로필 1 path=C:\02Workspaces\15JSP\.metadata\.plugins\org.eclipse.swt\EBWebView\Default lastActive=2026-09-18T01:00:30.342Z
2026-09-18 01:55:36.433: [INFO] OnDoneLoading sync enabled: 0
2026-09-18 01:55:36.433: [INFO] BookmarkModelLoaded, ids_reassigned: 0
2026-09-18 01:55:36.433: [INFO] BookmarksLoadDropped droppedNodes=0
2026-09-18 01:55:36.433: [INFO] BookmarksSnapshot Startup total=0 bar=0 other=0 mobile=0 showBar=0 showBarNTP=1
2026-09-18 01:55:40.101: [INFO] BookmarksSnapshot Shutdown total=0 bar=0 other=0 mobile=0 showBar=0 showBarNTP=1
2026-09-18 01:59:36.696: [INFO] CurrentProfilePath: C:\02Workspaces\15JSP\.metadata\.plugins\org.eclipse.swt\EBWebView\Default
2026-09-18 01:59:36.696: [INFO] Profiles total count: 1
2026-09-18 01:59:36.696: [INFO] Profile: name=프로필 1 path=C:\02Workspaces\15JSP\.metadata\.plugins\org.eclipse.swt\EBWebView\Default lastActive=2026-09-18T01:00:30.342Z
2026-09-18 01:59:36.696: [INFO] LastUsedProfileDir: C:\02Workspaces\15JSP\.metadata\.plugins\org.eclipse.swt\EBWebView\Default
2026-09-18 01:59:36.696: [INFO] MostRecentlyActiveProfile: name=프로필 1 path=C:\02Workspaces\15JSP\.metadata\.plugins\org.eclipse.swt\EBWebView\Default lastActive=2026-09-18T01:00:30.342Z
2026-09-18 01:59:36.696: [INFO] OnDoneLoading sync enabled: 0
2026-09-18 01:59:36.696: [INFO] BookmarkModelLoaded, ids_reassigned: 0
2026-09-18 01:59:36.696: [INFO] BookmarksLoadDropped droppedNodes=0
2026-09-18 01:59:36.696: [INFO] BookmarksSnapshot Startup total=0 bar=0 other=0 mobile=0 showBar=0 showBarNTP=1
2026-09-18 01:59:40.922: [INFO] BookmarksSnapshot Shutdown total=0 bar=0 other=0 mobile=0 showBar=0 showBarNTP=1
2026-09-18 02:00:34.493: [INFO] CurrentProfilePath: C:\02Workspaces\15JSP\.metadata\.plugins\org.eclipse.swt\EBWebView\Default
2026-09-18 02:00:34.493: [INFO] Profiles total count: 1
2026-09-18 02:00:34.493: [INFO] Profile: name=프로필 1 path=C:\02Workspaces\15JSP\.metadata\.plugins\org.eclipse.swt\EBWebView\Default lastActive=2026-09-18T01:00:30.342Z
2026-09-18 02:00:34.493: [INFO] LastUsedProfileDir: C:\02Workspaces\15JSP\.metadata\.plugins\org.eclipse.swt\EBWebView\Default
2026-09-18 02:00:34.493: [INFO] MostRecentlyActiveProfile: name=프로필 1 path=C:\02Workspaces\15JSP\.metadata\.plugins\org.eclipse.swt\EBWebView\Default lastActive=2026-09-18T01:00:30.342Z
2026-09-18 02:00:34.493: [INFO] OnDoneLoading sync enabled: 0
2026-09-18 02:00:34.493: [INFO] BookmarkModelLoaded, ids_reassigned: 0
2026-09-18 02:00:34.493: [INFO] BookmarksLoadDropped droppedNodes=0
2026-09-18 02:00:34.493: [INFO] BookmarksSnapshot Startup total=0 bar=0 other=0 mobile=0 showBar=0 showBarNTP=1
2026-09-18 02:00:42.415: [INFO] BookmarksSnapshot Shutdown total=0 bar=0 other=0 mobile=0 showBar=0 showBarNTP=1
2026-09-18 02:01:18.323: [INFO] CurrentProfilePath: C:\02Workspaces\15JSP\.metadata\.plugins\org.eclipse.swt\EBWebView\Default
2026-09-18 02:01:18.323: [INFO] Profiles total count: 1
2026-09-18 02:01:18.323: [INFO] Profile: name=프로필 1 path=C:\02Workspaces\15JSP\.metadata\.plugins\org.eclipse.swt\EBWebView\Default lastActive=2026-09-18T01:00:30.342Z
2026-09-18 02:01:18.323: [INFO] LastUsedProfileDir: C:\02Workspaces\15JSP\.metadata\.plugins\org.eclipse.swt\EBWebView\Default
2026-09-18 02:01:18.323: [INFO] MostRecentlyActiveProfile: name=프로필 1 path=C:\02Workspaces\15JSP\.metadata\.plugins\org.eclipse.swt\EBWebView\Default lastActive=2026-09-18T01:00:30.342Z
2026-09-18 02:01:18.323: [INFO] OnDoneLoading sync enabled: 0
2026-09-18 02:01:18.323: [INFO] BookmarkModelLoaded, ids_reassigned: 0
2026-09-18 02:01:18.323: [INFO] BookmarksLoadDropped droppedNodes=0
2026-09-18 02:01:18.323: [INFO] BookmarksSnapshot Startup total=0 bar=0 other=0 mobile=0 showBar=0 showBarNTP=1
2026-09-18 02:01:18.409: [INFO] BookmarksSnapshot Shutdown total=0 bar=0 other=0 mobile=0 showBar=0 showBarNTP=1
2026-09-18 02:01:44.923: [INFO] CurrentProfilePath: C:\02Workspaces\15JSP\.metadata\.plugins\org.eclipse.swt\EBWebView\Default
2026-09-18 02:01:44.923: [INFO] Profiles total count: 1
2026-09-18 02:01:44.923: [INFO] Profile: name=프로필 1 path=C:\02Workspaces\15JSP\.metadata\.plugins\org.eclipse.swt\EBWebView\Default lastActive=2026-09-18T01:00:30.342Z
2026-09-18 02:01:44.923: [INFO] LastUsedProfileDir: C:\02Workspaces\15JSP\.metadata\.plugins\org.eclipse.swt\EBWebView\Default
2026-09-18 02:01:44.923: [INFO] MostRecentlyActiveProfile: name=프로필 1 path=C:\02Workspaces\15JSP\.metadata\.plugins\org.eclipse.swt\EBWebView\Default lastActive=2026-09-18T01:00:30.342Z
2026-09-18 02:01:44.923: [INFO] OnDoneLoading sync enabled: 0
2026-09-18 02:01:44.923: [INFO] BookmarkModelLoaded, ids_reassigned: 0
2026-09-18 02:01:44.923: [INFO] BookmarksLoadDropped droppedNodes=0
2026-09-18 02:01:44.923: [INFO] BookmarksSnapshot Startup total=0 bar=0 other=0 mobile=0 showBar=0 showBarNTP=1
2026-09-18 02:01:47.884: [INFO] BookmarksSnapshot Shutdown total=0 bar=0 other=0 mobile=0 showBar=0 showBarNTP=1
2026-09-18 02:13:23.707: [INFO] CurrentProfilePath: C:\02Workspaces\15JSP\.metadata\.plugins\org.eclipse.swt\EBWebView\Default
2026-09-18 02:13:23.707: [INFO] Profiles total count: 1
2026-09-18 02:13:23.707: [INFO] Profile: name=프로필 1 path=C:\02Workspaces\15JSP\.metadata\.plugins\org.eclipse.swt\EBWebView\Default lastActive=2026-09-18T01:00:30.342Z
2026-09-18 02:13:23.707: [INFO] LastUsedProfileDir: C:\02Workspaces\15JSP\.metadata\.plugins\org.eclipse.swt\EBWebView\Default
2026-09-18 02:13:23.707: [INFO] MostRecentlyActiveProfile: name=프로필 1 path=C:\02Workspaces\15JSP\.metadata\.plugins\org.eclipse.swt\EBWebView\Default lastActive=2026-09-18T01:00:30.342Z
2026-09-18 02:13:23.707: [INFO] OnDoneLoading sync enabled: 0
2026-09-18 02:13:23.707: [INFO] BookmarkModelLoaded, ids_reassigned: 0
2026-09-18 02:13:23.707: [INFO] BookmarksLoadDropped droppedNodes=0
2026-09-18 02:13:23.707: [INFO] BookmarksSnapshot Startup total=0 bar=0 other=0 mobile=0 showBar=0 showBarNTP=1
2026-09-18 02:13:42.142: [INFO] BookmarksSnapshot Shutdown total=0 bar=0 other=0 mobile=0 showBar=0 showBarNTP=1
2026-09-18 02:14:05.097: [INFO] CurrentProfilePath: C:\02Workspaces\15JSP\.metadata\.plugins\org.eclipse.swt\EBWebView\Default
2026-09-18 02:14:05.098: [INFO] Profiles total count: 1
2026-09-18 02:14:05.098: [INFO] Profile: name=프로필 1 path=C:\02Workspaces\15JSP\.metadata\.plugins\org.eclipse.swt\EBWebView\Default lastActive=2026-09-18T01:00:30.342Z
2026-09-18 02:14:05.098: [INFO] LastUsedProfileDir: C:\02Workspaces\15JSP\.metadata\.plugins\org.eclipse.swt\EBWebView\Default
2026-09-18 02:14:05.098: [INFO] MostRecentlyActiveProfile: name=프로필 1 path=C:\02Workspaces\15JSP\.metadata\.plugins\org.eclipse.swt\EBWebView\Default lastActive=2026-09-18T01:00:30.342Z
2026-09-18 02:14:05.098: [INFO] OnDoneLoading sync enabled: 0
2026-09-18 02:14:05.098: [INFO] BookmarkModelLoaded, ids_reassigned: 0
2026-09-18 02:14:05.098: [INFO] BookmarksLoadDropped droppedNodes=0
2026-09-18 02:14:05.098: [INFO] BookmarksSnapshot Startup total=0 bar=0 other=0 mobile=0 showBar=0 showBarNTP=1
2026-09-18 02:14:09.338: [INFO] BookmarksSnapshot Shutdown total=0 bar=0 other=0 mobile=0 showBar=0 showBarNTP=1
2026-09-18 02:14:25.159: [INFO] CurrentProfilePath: C:\02Workspaces\15JSP\.metadata\.plugins\org.eclipse.swt\EBWebView\Default
2026-09-18 02:14:25.159: [INFO] Profiles total count: 1
2026-09-18 02:14:25.159: [INFO] Profile: name=프로필 1 path=C:\02Workspaces\15JSP\.metadata\.plugins\org.eclipse.swt\EBWebView\Default lastActive=2026-09-18T01:00:30.342Z
2026-09-18 02:14:25.159: [INFO] LastUsedProfileDir: C:\02Workspaces\15JSP\.metadata\.plugins\org.eclipse.swt\EBWebView\Default
2026-09-18 02:14:25.159: [INFO] MostRecentlyActiveProfile: name=프로필 1 path=C:\02Workspaces\15JSP\.metadata\.plugins\org.eclipse.swt\EBWebView\Default lastActive=2026-09-18T01:00:30.342Z
2026-09-18 02:14:25.159: [INFO] OnDoneLoading sync enabled: 0
2026-09-18 02:14:25.159: [INFO] BookmarkModelLoaded, ids_reassigned: 0
2026-09-18 02:14:25.159: [INFO] BookmarksLoadDropped droppedNodes=0
2026-09-18 02:14:25.159: [INFO] BookmarksSnapshot Startup total=0 bar=0 other=0 mobile=0 showBar=0 showBarNTP=1
2026-09-18 02:14:27.558: [INFO] BookmarksSnapshot Shutdown total=0 bar=0 other=0 mobile=0 showBar=0 showBarNTP=1
2026-09-18 02:16:27.714: [INFO] CurrentProfilePath: C:\02Workspaces\15JSP\.metadata\.plugins\org.eclipse.swt\EBWebView\Default
2026-09-18 02:16:27.714: [INFO] Profiles total count: 1
2026-09-18 02:16:27.714: [INFO] Profile: name=프로필 1 path=C:\02Workspaces\15JSP\.metadata\.plugins\org.eclipse.swt\EBWebView\Default lastActive=2026-09-18T01:00:30.342Z
2026-09-18 02:16:27.714: [INFO] LastUsedProfileDir: C:\02Workspaces\15JSP\.metadata\.plugins\org.eclipse.swt\EBWebView\Default
2026-09-18 02:16:27.714: [INFO] MostRecentlyActiveProfile: name=프로필 1 path=C:\02Workspaces\15JSP\.metadata\.plugins\org.eclipse.swt\EBWebView\Default lastActive=2026-09-18T01:00:30.342Z
2026-09-18 02:16:27.714: [INFO] OnDoneLoading sync enabled: 0
2026-09-18 02:16:27.714: [INFO] BookmarkModelLoaded, ids_reassigned: 0
2026-09-18 02:16:27.714: [INFO] BookmarksLoadDropped droppedNodes=0
2026-09-18 02:16:27.714: [INFO] BookmarksSnapshot Startup total=0 bar=0 other=0 mobile=0 showBar=0 showBarNTP=1
2026-09-18 02:16:37.334: [INFO] BookmarksSnapshot Shutdown total=0 bar=0 other=0 mobile=0 showBar=0 showBarNTP=1
2026-09-18 02:50:35.604: [INFO] CurrentProfilePath: C:\02Workspaces\15JSP\.metadata\.plugins\org.eclipse.swt\EBWebView\Default
2026-09-18 02:50:35.604: [INFO] Profiles total count: 1
2026-09-18 02:50:35.604: [INFO] Profile: name=프로필 1 path=C:\02Workspaces\15JSP\.metadata\.plugins\org.eclipse.swt\EBWebView\Default lastActive=2026-09-18T01:00:30.342Z
2026-09-18 02:50:35.604: [INFO] LastUsedProfileDir: C:\02Workspaces\15JSP\.metadata\.plugins\org.eclipse.swt\EBWebView\Default
2026-09-18 02:50:35.604: [INFO] MostRecentlyActiveProfile: name=프로필 1 path=C:\02Workspaces\15JSP\.metadata\.plugins\org.eclipse.swt\EBWebView\Default lastActive=2026-09-18T01:00:30.342Z
2026-09-18 02:50:35.604: [INFO] OnDoneLoading sync enabled: 0
2026-09-18 02:50:35.604: [INFO] BookmarkModelLoaded, ids_reassigned: 0
2026-09-18 02:50:35.604: [INFO] BookmarksLoadDropped droppedNodes=0
2026-09-18 02:50:35.604: [INFO] BookmarksSnapshot Startup total=0 bar=0 other=0 mobile=0 showBar=0 showBarNTP=1
2026-09-18 02:50:42.039: [INFO] BookmarksSnapshot Shutdown total=0 bar=0 other=0 mobile=0 showBar=0 showBarNTP=1
2026-09-18 02:50:58.778: [INFO] CurrentProfilePath: C:\02Workspaces\15JSP\.metadata\.plugins\org.eclipse.swt\EBWebView\Default
2026-09-18 02:50:58.778: [INFO] Profiles total count: 1
2026-09-18 02:50:58.778: [INFO] Profile: name=프로필 1 path=C:\02Workspaces\15JSP\.metadata\.plugins\org.eclipse.swt\EBWebView\Default lastActive=2026-09-18T01:00:30.342Z
2026-09-18 02:50:58.778: [INFO] LastUsedProfileDir: C:\02Workspaces\15JSP\.metadata\.plugins\org.eclipse.swt\EBWebView\Default
2026-09-18 02:50:58.778: [INFO] MostRecentlyActiveProfile: name=프로필 1 path=C:\02Workspaces\15JSP\.metadata\.plugins\org.eclipse.swt\EBWebView\Default lastActive=2026-09-18T01:00:30.342Z
2026-09-18 02:50:58.778: [INFO] OnDoneLoading sync enabled: 0
2026-09-18 02:50:58.778: [INFO] BookmarkModelLoaded, ids_reassigned: 0
2026-09-18 02:50:58.778: [INFO] BookmarksLoadDropped droppedNodes=0
2026-09-18 02:50:58.778: [INFO] BookmarksSnapshot Startup total=0 bar=0 other=0 mobile=0 showBar=0 showBarNTP=1
2026-09-18 02:51:02.791: [INFO] BookmarksSnapshot Shutdown total=0 bar=0 other=0 mobile=0 showBar=0 showBarNTP=1
2026-09-18 02:52:22.043: [INFO] CurrentProfilePath: C:\02Workspaces\15JSP\.metadata\.plugins\org.eclipse.swt\EBWebView\Default
2026-09-18 02:52:22.043: [INFO] Profiles total count: 1
2026-09-18 02:52:22.043: [INFO] Profile: name=프로필 1 path=C:\02Workspaces\15JSP\.metadata\.plugins\org.eclipse.swt\EBWebView\Default lastActive=2026-09-18T01:00:30.342Z
2026-09-18 02:52:22.043: [INFO] LastUsedProfileDir: C:\02Workspaces\15JSP\.metadata\.plugins\org.eclipse.swt\EBWebView\Default
2026-09-18 02:52:22.043: [INFO] MostRecentlyActiveProfile: name=프로필 1 path=C:\02Workspaces\15JSP\.metadata\.plugins\org.eclipse.swt\EBWebView\Default lastActive=2026-09-18T01:00:30.342Z
2026-09-18 02:52:22.043: [INFO] OnDoneLoading sync enabled: 0
2026-09-18 02:52:22.043: [INFO] BookmarkModelLoaded, ids_reassigned: 0
2026-09-18 02:52:22.043: [INFO] BookmarksLoadDropped droppedNodes=0
2026-09-18 02:52:22.043: [INFO] BookmarksSnapshot Startup total=0 bar=0 other=0 mobile=0 showBar=0 showBarNTP=1
2026-09-18 02:52:26.902: [INFO] BookmarksSnapshot Shutdown total=0 bar=0 other=0 mobile=0 showBar=0 showBarNTP=1
2026-09-18 02:52:27.623: [INFO] CurrentProfilePath: C:\02Workspaces\15JSP\.metadata\.plugins\org.eclipse.swt\EBWebView\Default
2026-09-18 02:52:27.623: [INFO] Profiles total count: 1
2026-09-18 02:52:27.623: [INFO] Profile: name=프로필 1 path=C:\02Workspaces\15JSP\.metadata\.plugins\org.eclipse.swt\EBWebView\Default lastActive=2026-09-18T01:00:30.342Z
2026-09-18 02:52:27.623: [INFO] LastUsedProfileDir: C:\02Workspaces\15JSP\.metadata\.plugins\org.eclipse.swt\EBWebView\Default
2026-09-18 02:52:27.623: [INFO] MostRecentlyActiveProfile: name=프로필 1 path=C:\02Workspaces\15JSP\.metadata\.plugins\org.eclipse.swt\EBWebView\Default lastActive=2026-09-18T01:00:30.342Z
2026-09-18 02:52:27.623: [INFO] OnDoneLoading sync enabled: 0
2026-09-18 02:52:27.623: [INFO] BookmarkModelLoaded, ids_reassigned: 0
2026-09-18 02:52:27.623: [INFO] BookmarksLoadDropped droppedNodes=0
2026-09-18 02:52:27.623: [INFO] BookmarksSnapshot Startup total=0 bar=0 other=0 mobile=0 showBar=0 showBarNTP=1
2026-09-18 02:52:36.669: [INFO] BookmarksSnapshot Shutdown total=0 bar=0 other=0 mobile=0 showBar=0 showBarNTP=1
2026-09-18 02:53:12.955: [INFO] CurrentProfilePath: C:\02Workspaces\15JSP\.metadata\.plugins\org.eclipse.swt\EBWebView\Default
2026-09-18 02:53:12.955: [INFO] Profiles total count: 1
2026-09-18 02:53:12.955: [INFO] Profile: name=프로필 1 path=C:\02Workspaces\15JSP\.metadata\.plugins\org.eclipse.swt\EBWebView\Default lastActive=2026-09-18T01:00:30.342Z
2026-09-18 02:53:12.955: [INFO] LastUsedProfileDir: C:\02Workspaces\15JSP\.metadata\.plugins\org.eclipse.swt\EBWebView\Default
2026-09-18 02:53:12.955: [INFO] MostRecentlyActiveProfile: name=프로필 1 path=C:\02Workspaces\15JSP\.metadata\.plugins\org.eclipse.swt\EBWebView\Default lastActive=2026-09-18T01:00:30.342Z
2026-09-18 02:53:12.955: [INFO] OnDoneLoading sync enabled: 0
2026-09-18 02:53:12.955: [INFO] BookmarkModelLoaded, ids_reassigned: 0
2026-09-18 02:53:12.955: [INFO] BookmarksLoadDropped droppedNodes=0
2026-09-18 02:53:12.955: [INFO] BookmarksSnapshot Startup total=0 bar=0 other=0 mobile=0 showBar=0 showBarNTP=1
2026-09-18 02:53:15.927: [INFO] BookmarksSnapshot Shutdown total=0 bar=0 other=0 mobile=0 showBar=0 showBarNTP=1
2026-09-18 03:06:44.301: [INFO] CurrentProfilePath: C:\02Workspaces\15JSP\.metadata\.plugins\org.eclipse.swt\EBWebView\Default
2026-09-18 03:06:44.301: [INFO] Profiles total count: 1
2026-09-18 03:06:44.301: [INFO] Profile: name=프로필 1 path=C:\02Workspaces\15JSP\.metadata\.plugins\org.eclipse.swt\EBWebView\Default lastActive=2026-09-18T01:00:30.342Z
2026-09-18 03:06:44.301: [INFO] LastUsedProfileDir: C:\02Workspaces\15JSP\.metadata\.plugins\org.eclipse.swt\EBWebView\Default
2026-09-18 03:06:44.301: [INFO] MostRecentlyActiveProfile: name=프로필 1 path=C:\02Workspaces\15JSP\.metadata\.plugins\org.eclipse.swt\EBWebView\Default lastActive=2026-09-18T01:00:30.342Z
2026-09-18 03:06:44.301: [INFO] OnDoneLoading sync enabled: 0
2026-09-18 03:06:44.301: [INFO] BookmarkModelLoaded, ids_reassigned: 0
2026-09-18 03:06:44.301: [INFO] BookmarksLoadDropped droppedNodes=0
2026-09-18 03:06:44.301: [INFO] BookmarksSnapshot Startup total=0 bar=0 other=0 mobile=0 showBar=0 showBarNTP=1
2026-09-18 03:06:46.670: [INFO] BookmarksSnapshot Shutdown total=0 bar=0 other=0 mobile=0 showBar=0 showBarNTP=1
2026-09-18 03:07:31.152: [INFO] CurrentProfilePath: C:\02Workspaces\15JSP\.metadata\.plugins\org.eclipse.swt\EBWebView\Default
2026-09-18 03:07:31.152: [INFO] Profiles total count: 1
2026-09-18 03:07:31.152: [INFO] Profile: name=프로필 1 path=C:\02Workspaces\15JSP\.metadata\.plugins\org.eclipse.swt\EBWebView\Default lastActive=2026-09-18T01:00:30.342Z
2026-09-18 03:07:31.152: [INFO] LastUsedProfileDir: C:\02Workspaces\15JSP\.metadata\.plugins\org.eclipse.swt\EBWebView\Default
2026-09-18 03:07:31.152: [INFO] MostRecentlyActiveProfile: name=프로필 1 path=C:\02Workspaces\15JSP\.metadata\.plugins\org.eclipse.swt\EBWebView\Default lastActive=2026-09-18T01:00:30.342Z
2026-09-18 03:07:31.152: [INFO] OnDoneLoading sync enabled: 0
2026-09-18 03:07:31.152: [INFO] BookmarkModelLoaded, ids_reassigned: 0
2026-09-18 03:07:31.152: [INFO] BookmarksLoadDropped droppedNodes=0
2026-09-18 03:07:31.152: [INFO] BookmarksSnapshot Startup total=0 bar=0 other=0 mobile=0 showBar=0 showBarNTP=1
2026-09-18 03:07:45.741: [INFO] BookmarksSnapshot Shutdown total=0 bar=0 other=0 mobile=0 showBar=0 showBarNTP=1
2026-09-18 03:08:00.482: [INFO] CurrentProfilePath: C:\02Workspaces\15JSP\.metadata\.plugins\org.eclipse.swt\EBWebView\Default
2026-09-18 03:08:00.482: [INFO] Profiles total count: 1
2026-09-18 03:08:00.482: [INFO] Profile: name=프로필 1 path=C:\02Workspaces\15JSP\.metadata\.plugins\org.eclipse.swt\EBWebView\Default lastActive=2026-09-18T01:00:30.342Z
2026-09-18 03:08:00.482: [INFO] LastUsedProfileDir: C:\02Workspaces\15JSP\.metadata\.plugins\org.eclipse.swt\EBWebView\Default
2026-09-18 03:08:00.482: [INFO] MostRecentlyActiveProfile: name=프로필 1 path=C:\02Workspaces\15JSP\.metadata\.plugins\org.eclipse.swt\EBWebView\Default lastActive=2026-09-18T01:00:30.342Z
2026-09-18 03:08:00.482: [INFO] OnDoneLoading sync enabled: 0
2026-09-18 03:08:00.482: [INFO] BookmarkModelLoaded, ids_reassigned: 0
2026-09-18 03:08:00.482: [INFO] BookmarksLoadDropped droppedNodes=0
2026-09-18 03:08:00.482: [INFO] BookmarksSnapshot Startup total=0 bar=0 other=0 mobile=0 showBar=0 showBarNTP=1
2026-09-18 03:08:06.069: [INFO] BookmarksSnapshot Shutdown total=0 bar=0 other=0 mobile=0 showBar=0 showBarNTP=1
2026-09-18 03:10:32.428: [INFO] CurrentProfilePath: C:\02Workspaces\15JSP\.metadata\.plugins\org.eclipse.swt\EBWebView\Default
2026-09-18 03:10:32.429: [INFO] Profiles total count: 1
2026-09-18 03:10:32.429: [INFO] Profile: name=프로필 1 path=C:\02Workspaces\15JSP\.metadata\.plugins\org.eclipse.swt\EBWebView\Default lastActive=2026-09-18T01:00:30.342Z
2026-09-18 03:10:32.429: [INFO] LastUsedProfileDir: C:\02Workspaces\15JSP\.metadata\.plugins\org.eclipse.swt\EBWebView\Default
2026-09-18 03:10:32.429: [INFO] MostRecentlyActiveProfile: name=프로필 1 path=C:\02Workspaces\15JSP\.metadata\.plugins\org.eclipse.swt\EBWebView\Default lastActive=2026-09-18T01:00:30.342Z
2026-09-18 03:10:32.429: [INFO] OnDoneLoading sync enabled: 0
2026-09-18 03:10:32.429: [INFO] BookmarkModelLoaded, ids_reassigned: 0
2026-09-18 03:10:32.429: [INFO] BookmarksLoadDropped droppedNodes=0
2026-09-18 03:10:32.429: [INFO] BookmarksSnapshot Startup total=0 bar=0 other=0 mobile=0 showBar=0 showBarNTP=1
2026-09-18 03:10:39.679: [INFO] BookmarksSnapshot Shutdown total=0 bar=0 other=0 mobile=0 showBar=0 showBarNTP=1
2026-09-18 03:12:29.714: [INFO] CurrentProfilePath: C:\02Workspaces\15JSP\.metadata\.plugins\org.eclipse.swt\EBWebView\Default
2026-09-18 03:12:29.714: [INFO] Profiles total count: 1
2026-09-18 03:12:29.714: [INFO] Profile: name=프로필 1 path=C:\02Workspaces\15JSP\.metadata\.plugins\org.eclipse.swt\EBWebView\Default lastActive=2026-09-18T01:00:30.342Z
2026-09-18 03:12:29.714: [INFO] LastUsedProfileDir: C:\02Workspaces\15JSP\.metadata\.plugins\org.eclipse.swt\EBWebView\Default
2026-09-18 03:12:29.714: [INFO] MostRecentlyActiveProfile: name=프로필 1 path=C:\02Workspaces\15JSP\.metadata\.plugins\org.eclipse.swt\EBWebView\Default lastActive=2026-09-18T01:00:30.342Z
2026-09-18 03:12:29.714: [INFO] OnDoneLoading sync enabled: 0
2026-09-18 03:12:29.714: [INFO] BookmarkModelLoaded, ids_reassigned: 0
2026-09-18 03:12:29.714: [INFO] BookmarksLoadDropped droppedNodes=0
2026-09-18 03:12:29.714: [INFO] BookmarksSnapshot Startup total=0 bar=0 other=0 mobile=0 showBar=0 showBarNTP=1
2026-09-18 03:12:34.534: [INFO] BookmarksSnapshot Shutdown total=0 bar=0 other=0 mobile=0 showBar=0 showBarNTP=1
2026-09-18 03:14:16.578: [INFO] CurrentProfilePath: C:\02Workspaces\15JSP\.metadata\.plugins\org.eclipse.swt\EBWebView\Default
2026-09-18 03:14:16.578: [INFO] Profiles total count: 1
2026-09-18 03:14:16.578: [INFO] Profile: name=프로필 1 path=C:\02Workspaces\15JSP\.metadata\.plugins\org.eclipse.swt\EBWebView\Default lastActive=2026-09-18T01:00:30.342Z
2026-09-18 03:14:16.578: [INFO] LastUsedProfileDir: C:\02Workspaces\15JSP\.metadata\.plugins\org.eclipse.swt\EBWebView\Default
2026-09-18 03:14:16.578: [INFO] MostRecentlyActiveProfile: name=프로필 1 path=C:\02Workspaces\15JSP\.metadata\.plugins\org.eclipse.swt\EBWebView\Default lastActive=2026-09-18T01:00:30.342Z
2026-09-18 03:14:16.578: [INFO] OnDoneLoading sync enabled: 0
2026-09-18 03:14:16.578: [INFO] BookmarkModelLoaded, ids_reassigned: 0
2026-09-18 03:14:16.578: [INFO] BookmarksLoadDropped droppedNodes=0
2026-09-18 03:14:16.578: [INFO] BookmarksSnapshot Startup total=0 bar=0 other=0 mobile=0 showBar=0 showBarNTP=1
2026-09-18 03:14:20.681: [INFO] BookmarksSnapshot Shutdown total=0 bar=0 other=0 mobile=0 showBar=0 showBarNTP=1
2026-09-18 06:09:30.406: [INFO] CurrentProfilePath: C:\02Workspaces\15JSP\.metadata\.plugins\org.eclipse.swt\EBWebView\Default
2026-09-18 06:09:30.406: [INFO] Profiles total count: 1
2026-09-18 06:09:30.406: [INFO] Profile: name=프로필 1 path=C:\02Workspaces\15JSP\.metadata\.plugins\org.eclipse.swt\EBWebView\Default lastActive=2026-09-18T01:00:30.342Z
2026-09-18 06:09:30.406: [INFO] LastUsedProfileDir: C:\02Workspaces\15JSP\.metadata\.plugins\org.eclipse.swt\EBWebView\Default
2026-09-18 06:09:30.406: [INFO] MostRecentlyActiveProfile: name=프로필 1 path=C:\02Workspaces\15JSP\.metadata\.plugins\org.eclipse.swt\EBWebView\Default lastActive=2026-09-18T01:00:30.342Z
2026-09-18 06:09:30.406: [INFO] OnDoneLoading sync enabled: 0
2026-09-18 06:09:30.406: [INFO] BookmarkModelLoaded, ids_reassigned: 0
2026-09-18 06:09:30.406: [INFO] BookmarksLoadDropped droppedNodes=0
2026-09-18 06:09:30.406: [INFO] BookmarksSnapshot Startup total=0 bar=0 other=0 mobile=0 showBar=0 showBarNTP=1
2026-09-18 06:09:32.615: [INFO] BookmarksSnapshot Shutdown total=0 bar=0 other=0 mobile=0 showBar=0 showBarNTP=1
2026-09-18 06:11:34.209: [INFO] CurrentProfilePath: C:\02Workspaces\15JSP\.metadata\.plugins\org.eclipse.swt\EBWebView\Default
2026-09-18 06:11:34.209: [INFO] Profiles total count: 1
2026-09-18 06:11:34.209: [INFO] Profile: name=프로필 1 path=C:\02Workspaces\15JSP\.metadata\.plugins\org.eclipse.swt\EBWebView\Default lastActive=2026-09-18T01:00:30.342Z
2026-09-18 06:11:34.209: [INFO] LastUsedProfileDir: C:\02Workspaces\15JSP\.metadata\.plugins\org.eclipse.swt\EBWebView\Default
2026-09-18 06:11:34.209: [INFO] MostRecentlyActiveProfile: name=프로필 1 path=C:\02Workspaces\15JSP\.metadata\.plugins\org.eclipse.swt\EBWebView\Default lastActive=2026-09-18T01:00:30.342Z
2026-09-18 06:11:34.209: [INFO] OnDoneLoading sync enabled: 0
2026-09-18 06:11:34.209: [INFO] BookmarkModelLoaded, ids_reassigned: 0
2026-09-18 06:11:34.209: [INFO] BookmarksLoadDropped droppedNodes=0
2026-09-18 06:11:34.209: [INFO] BookmarksSnapshot Startup total=0 bar=0 other=0 mobile=0 showBar=0 showBarNTP=1
2026-09-18 06:11:37.181: [INFO] BookmarksSnapshot Shutdown total=0 bar=0 other=0 mobile=0 showBar=0 showBarNTP=1
2026-09-18 06:13:18.184: [INFO] CurrentProfilePath: C:\02Workspaces\15JSP\.metadata\.plugins\org.eclipse.swt\EBWebView\Default
2026-09-18 06:13:18.184: [INFO] Profiles total count: 1
2026-09-18 06:13:18.184: [INFO] Profile: name=프로필 1 path=C:\02Workspaces\15JSP\.metadata\.plugins\org.eclipse.swt\EBWebView\Default lastActive=2026-09-18T01:00:30.342Z
2026-09-18 06:13:18.184: [INFO] LastUsedProfileDir: C:\02Workspaces\15JSP\.metadata\.plugins\org.eclipse.swt\EBWebView\Default
2026-09-18 06:13:18.184: [INFO] MostRecentlyActiveProfile: name=프로필 1 path=C:\02Workspaces\15JSP\.metadata\.plugins\org.eclipse.swt\EBWebView\Default lastActive=2026-09-18T01:00:30.342Z
2026-09-18 06:13:18.184: [INFO] OnDoneLoading sync enabled: 0
2026-09-18 06:13:18.184: [INFO] BookmarkModelLoaded, ids_reassigned: 0
2026-09-18 06:13:18.184: [INFO] BookmarksLoadDropped droppedNodes=0
2026-09-18 06:13:18.184: [INFO] BookmarksSnapshot Startup total=0 bar=0 other=0 mobile=0 showBar=0 showBarNTP=1
2026-09-18 06:13:23.287: [INFO] BookmarksSnapshot Shutdown total=0 bar=0 other=0 mobile=0 showBar=0 showBarNTP=1
2026-09-18 06:13:24.124: [INFO] CurrentProfilePath: C:\02Workspaces\15JSP\.metadata\.plugins\org.eclipse.swt\EBWebView\Default
2026-09-18 06:13:24.124: [INFO] Profiles total count: 1
2026-09-18 06:13:24.124: [INFO] Profile: name=프로필 1 path=C:\02Workspaces\15JSP\.metadata\.plugins\org.eclipse.swt\EBWebView\Default lastActive=2026-09-18T01:00:30.342Z
2026-09-18 06:13:24.124: [INFO] LastUsedProfileDir: C:\02Workspaces\15JSP\.metadata\.plugins\org.eclipse.swt\EBWebView\Default
2026-09-18 06:13:24.124: [INFO] MostRecentlyActiveProfile: name=프로필 1 path=C:\02Workspaces\15JSP\.metadata\.plugins\org.eclipse.swt\EBWebView\Default lastActive=2026-09-18T01:00:30.342Z
2026-09-18 06:13:24.124: [INFO] OnDoneLoading sync enabled: 0
2026-09-18 06:13:24.124: [INFO] BookmarkModelLoaded, ids_reassigned: 0
2026-09-18 06:13:24.124: [INFO] BookmarksLoadDropped droppedNodes=0
2026-09-18 06:13:24.124: [INFO] BookmarksSnapshot Startup total=0 bar=0 other=0 mobile=0 showBar=0 showBarNTP=1
2026-09-18 06:13:27.878: [INFO] BookmarksSnapshot Shutdown total=0 bar=0 other=0 mobile=0 showBar=0 showBarNTP=1
2026-09-18 06:13:50.492: [INFO] CurrentProfilePath: C:\02Workspaces\15JSP\.metadata\.plugins\org.eclipse.swt\EBWebView\Default
2026-09-18 06:13:50.492: [INFO] Profiles total count: 1
2026-09-18 06:13:50.492: [INFO] Profile: name=프로필 1 path=C:\02Workspaces\15JSP\.metadata\.plugins\org.eclipse.swt\EBWebView\Default lastActive=2026-09-18T01:00:30.342Z
2026-09-18 06:13:50.492: [INFO] LastUsedProfileDir: C:\02Workspaces\15JSP\.metadata\.plugins\org.eclipse.swt\EBWebView\Default
2026-09-18 06:13:50.492: [INFO] MostRecentlyActiveProfile: name=프로필 1 path=C:\02Workspaces\15JSP\.metadata\.plugins\org.eclipse.swt\EBWebView\Default lastActive=2026-09-18T01:00:30.342Z
2026-09-18 06:13:50.492: [INFO] OnDoneLoading sync enabled: 0
2026-09-18 06:13:50.492: [INFO] BookmarkModelLoaded, ids_reassigned: 0
2026-09-18 06:13:50.492: [INFO] BookmarksLoadDropped droppedNodes=0
2026-09-18 06:13:50.492: [INFO] BookmarksSnapshot Startup total=0 bar=0 other=0 mobile=0 showBar=0 showBarNTP=1
2026-09-18 06:13:50.635: [INFO] BookmarksSnapshot Shutdown total=0 bar=0 other=0 mobile=0 showBar=0 showBarNTP=1
2026-09-18 06:14:58.767: [INFO] CurrentProfilePath: C:\02Workspaces\15JSP\.metadata\.plugins\org.eclipse.swt\EBWebView\Default
2026-09-18 06:14:58.767: [INFO] Profiles total count: 1
2026-09-18 06:14:58.768: [INFO] Profile: name=프로필 1 path=C:\02Workspaces\15JSP\.metadata\.plugins\org.eclipse.swt\EBWebView\Default lastActive=2026-09-18T01:00:30.342Z
2026-09-18 06:14:58.768: [INFO] LastUsedProfileDir: C:\02Workspaces\15JSP\.metadata\.plugins\org.eclipse.swt\EBWebView\Default
2026-09-18 06:14:58.768: [INFO] MostRecentlyActiveProfile: name=프로필 1 path=C:\02Workspaces\15JSP\.metadata\.plugins\org.eclipse.swt\EBWebView\Default lastActive=2026-09-18T01:00:30.342Z
2026-09-18 06:14:58.768: [INFO] OnDoneLoading sync enabled: 0
2026-09-18 06:14:58.768: [INFO] BookmarkModelLoaded, ids_reassigned: 0
2026-09-18 06:14:58.768: [INFO] BookmarksLoadDropped droppedNodes=0
2026-09-18 06:14:58.768: [INFO] BookmarksSnapshot Startup total=0 bar=0 other=0 mobile=0 showBar=0 showBarNTP=1
2026-09-18 06:15:11.484: [INFO] BookmarksSnapshot Shutdown total=0 bar=0 other=0 mobile=0 showBar=0 showBarNTP=1
2026-09-18 06:48:36.382: [INFO] CurrentProfilePath: C:\02Workspaces\15JSP\.metadata\.plugins\org.eclipse.swt\EBWebView\Default
2026-09-18 06:48:36.382: [INFO] Profiles total count: 1
2026-09-18 06:48:36.383: [INFO] Profile: name=프로필 1 path=C:\02Workspaces\15JSP\.metadata\.plugins\org.eclipse.swt\EBWebView\Default lastActive=2026-09-18T01:00:30.342Z
2026-09-18 06:48:36.383: [INFO] LastUsedProfileDir: C:\02Workspaces\15JSP\.metadata\.plugins\org.eclipse.swt\EBWebView\Default
2026-09-18 06:48:36.383: [INFO] MostRecentlyActiveProfile: name=프로필 1 path=C:\02Workspaces\15JSP\.metadata\.plugins\org.eclipse.swt\EBWebView\Default lastActive=2026-09-18T01:00:30.342Z
2026-09-18 06:48:36.383: [INFO] OnDoneLoading sync enabled: 0
2026-09-18 06:48:36.383: [INFO] BookmarkModelLoaded, ids_reassigned: 0
2026-09-18 06:48:36.383: [INFO] BookmarksLoadDropped droppedNodes=0
2026-09-18 06:48:36.383: [INFO] BookmarksSnapshot Startup total=0 bar=0 other=0 mobile=0 showBar=0 showBarNTP=1
2026-09-18 06:48:46.668: [INFO] BookmarksSnapshot Shutdown total=0 bar=0 other=0 mobile=0 showBar=0 showBarNTP=1
2026-09-18 06:48:59.124: [INFO] CurrentProfilePath: C:\02Workspaces\15JSP\.metadata\.plugins\org.eclipse.swt\EBWebView\Default
2026-09-18 06:48:59.124: [INFO] Profiles total count: 1
2026-09-18 06:48:59.124: [INFO] Profile: name=프로필 1 path=C:\02Workspaces\15JSP\.metadata\.plugins\org.eclipse.swt\EBWebView\Default lastActive=2026-09-18T01:00:30.342Z
2026-09-18 06:48:59.124: [INFO] LastUsedProfileDir: C:\02Workspaces\15JSP\.metadata\.plugins\org.eclipse.swt\EBWebView\Default
2026-09-18 06:48:59.124: [INFO] MostRecentlyActiveProfile: name=프로필 1 path=C:\02Workspaces\15JSP\.metadata\.plugins\org.eclipse.swt\EBWebView\Default lastActive=2026-09-18T01:00:30.342Z
2026-09-18 06:48:59.124: [INFO] OnDoneLoading sync enabled: 0
2026-09-18 06:48:59.124: [INFO] BookmarkModelLoaded, ids_reassigned: 0
2026-09-18 06:48:59.124: [INFO] BookmarksLoadDropped droppedNodes=0
2026-09-18 06:48:59.124: [INFO] BookmarksSnapshot Startup total=0 bar=0 other=0 mobile=0 showBar=0 showBarNTP=1
2026-09-18 06:49:02.413: [INFO] BookmarksSnapshot Shutdown total=0 bar=0 other=0 mobile=0 showBar=0 showBarNTP=1
2026-09-18 06:51:24.851: [INFO] CurrentProfilePath: C:\02Workspaces\15JSP\.metadata\.plugins\org.eclipse.swt\EBWebView\Default
2026-09-18 06:51:24.851: [INFO] Profiles total count: 1
2026-09-18 06:51:24.852: [INFO] Profile: name=프로필 1 path=C:\02Workspaces\15JSP\.metadata\.plugins\org.eclipse.swt\EBWebView\Default lastActive=2026-09-18T01:00:30.342Z
2026-09-18 06:51:24.852: [INFO] LastUsedProfileDir: C:\02Workspaces\15JSP\.metadata\.plugins\org.eclipse.swt\EBWebView\Default
2026-09-18 06:51:24.852: [INFO] MostRecentlyActiveProfile: name=프로필 1 path=C:\02Workspaces\15JSP\.metadata\.plugins\org.eclipse.swt\EBWebView\Default lastActive=2026-09-18T01:00:30.342Z
2026-09-18 06:51:24.852: [INFO] OnDoneLoading sync enabled: 0
2026-09-18 06:51:24.852: [INFO] BookmarkModelLoaded, ids_reassigned: 0
2026-09-18 06:51:24.852: [INFO] BookmarksLoadDropped droppedNodes=0
2026-09-18 06:51:24.852: [INFO] BookmarksSnapshot Startup total=0 bar=0 other=0 mobile=0 showBar=0 showBarNTP=1
2026-09-18 06:51:28.913: [INFO] BookmarksSnapshot Shutdown total=0 bar=0 other=0 mobile=0 showBar=0 showBarNTP=1
2026-09-18 06:59:08.899: [INFO] CurrentProfilePath: C:\02Workspaces\15JSP\.metadata\.plugins\org.eclipse.swt\EBWebView\Default
2026-09-18 06:59:08.899: [INFO] Profiles total count: 1
2026-09-18 06:59:08.899: [INFO] Profile: name=프로필 1 path=C:\02Workspaces\15JSP\.metadata\.plugins\org.eclipse.swt\EBWebView\Default lastActive=2026-09-18T01:00:30.342Z
2026-09-18 06:59:08.899: [INFO] LastUsedProfileDir: C:\02Workspaces\15JSP\.metadata\.plugins\org.eclipse.swt\EBWebView\Default
2026-09-18 06:59:08.899: [INFO] MostRecentlyActiveProfile: name=프로필 1 path=C:\02Workspaces\15JSP\.metadata\.plugins\org.eclipse.swt\EBWebView\Default lastActive=2026-09-18T01:00:30.342Z
2026-09-18 06:59:08.899: [INFO] OnDoneLoading sync enabled: 0
2026-09-18 06:59:08.899: [INFO] BookmarkModelLoaded, ids_reassigned: 0
2026-09-18 06:59:08.899: [INFO] BookmarksLoadDropped droppedNodes=0
2026-09-18 06:59:08.899: [INFO] BookmarksSnapshot Startup total=0 bar=0 other=0 mobile=0 showBar=0 showBarNTP=1
2026-09-18 06:59:13.685: [INFO] BookmarksSnapshot Shutdown total=0 bar=0 other=0 mobile=0 showBar=0 showBarNTP=1
2026-09-18 07:00:09.684: [INFO] CurrentProfilePath: C:\02Workspaces\15JSP\.metadata\.plugins\org.eclipse.swt\EBWebView\Default
2026-09-18 07:00:09.684: [INFO] Profiles total count: 1
2026-09-18 07:00:09.684: [INFO] Profile: name=프로필 1 path=C:\02Workspaces\15JSP\.metadata\.plugins\org.eclipse.swt\EBWebView\Default lastActive=2026-09-18T01:00:30.342Z
2026-09-18 07:00:09.684: [INFO] LastUsedProfileDir: C:\02Workspaces\15JSP\.metadata\.plugins\org.eclipse.swt\EBWebView\Default
2026-09-18 07:00:09.684: [INFO] MostRecentlyActiveProfile: name=프로필 1 path=C:\02Workspaces\15JSP\.metadata\.plugins\org.eclipse.swt\EBWebView\Default lastActive=2026-09-18T01:00:30.342Z
2026-09-18 07:00:09.684: [INFO] OnDoneLoading sync enabled: 0
2026-09-18 07:00:09.684: [INFO] BookmarkModelLoaded, ids_reassigned: 0
2026-09-18 07:00:09.684: [INFO] BookmarksLoadDropped droppedNodes=0
2026-09-18 07:00:09.684: [INFO] BookmarksSnapshot Startup total=0 bar=0 other=0 mobile=0 showBar=0 showBarNTP=1
2026-09-18 07:00:09.769: [INFO] BookmarksSnapshot Shutdown total=0 bar=0 other=0 mobile=0 showBar=0 showBarNTP=1
2026-09-18 07:00:11.093: [INFO] CurrentProfilePath: C:\02Workspaces\15JSP\.metadata\.plugins\org.eclipse.swt\EBWebView\Default
2026-09-18 07:00:11.093: [INFO] Profiles total count: 1
2026-09-18 07:00:11.093: [INFO] Profile: name=프로필 1 path=C:\02Workspaces\15JSP\.metadata\.plugins\org.eclipse.swt\EBWebView\Default lastActive=2026-09-18T01:00:30.342Z
2026-09-18 07:00:11.093: [INFO] LastUsedProfileDir: C:\02Workspaces\15JSP\.metadata\.plugins\org.eclipse.swt\EBWebView\Default
2026-09-18 07:00:11.093: [INFO] MostRecentlyActiveProfile: name=프로필 1 path=C:\02Workspaces\15JSP\.metadata\.plugins\org.eclipse.swt\EBWebView\Default lastActive=2026-09-18T01:00:30.342Z
2026-09-18 07:00:11.093: [INFO] OnDoneLoading sync enabled: 0
2026-09-18 07:00:11.093: [INFO] BookmarkModelLoaded, ids_reassigned: 0
2026-09-18 07:00:11.093: [INFO] BookmarksLoadDropped droppedNodes=0
2026-09-18 07:00:11.093: [INFO] BookmarksSnapshot Startup total=0 bar=0 other=0 mobile=0 showBar=0 showBarNTP=1
2026-09-18 07:00:11.179: [INFO] BookmarksSnapshot Shutdown total=0 bar=0 other=0 mobile=0 showBar=0 showBarNTP=1
2026-09-18 07:00:29.490: [INFO] CurrentProfilePath: C:\02Workspaces\15JSP\.metadata\.plugins\org.eclipse.swt\EBWebView\Default
2026-09-18 07:00:29.490: [INFO] Profiles total count: 1
2026-09-18 07:00:29.490: [INFO] Profile: name=프로필 1 path=C:\02Workspaces\15JSP\.metadata\.plugins\org.eclipse.swt\EBWebView\Default lastActive=2026-09-18T01:00:30.342Z
2026-09-18 07:00:29.490: [INFO] LastUsedProfileDir: C:\02Workspaces\15JSP\.metadata\.plugins\org.eclipse.swt\EBWebView\Default
2026-09-18 07:00:29.490: [INFO] MostRecentlyActiveProfile: name=프로필 1 path=C:\02Workspaces\15JSP\.metadata\.plugins\org.eclipse.swt\EBWebView\Default lastActive=2026-09-18T01:00:30.342Z
2026-09-18 07:00:29.490: [INFO] OnDoneLoading sync enabled: 0
2026-09-18 07:00:29.490: [INFO] BookmarkModelLoaded, ids_reassigned: 0
2026-09-18 07:00:29.490: [INFO] BookmarksLoadDropped droppedNodes=0
2026-09-18 07:00:29.490: [INFO] BookmarksSnapshot Startup total=0 bar=0 other=0 mobile=0 showBar=0 showBarNTP=1
2026-09-18 07:00:34.051: [INFO] BookmarksSnapshot Shutdown total=0 bar=0 other=0 mobile=0 showBar=0 showBarNTP=1
2026-09-18 07:04:30.136: [INFO] CurrentProfilePath: C:\02Workspaces\15JSP\.metadata\.plugins\org.eclipse.swt\EBWebView\Default
2026-09-18 07:04:30.136: [INFO] Profiles total count: 1
2026-09-18 07:04:30.136: [INFO] Profile: name=프로필 1 path=C:\02Workspaces\15JSP\.metadata\.plugins\org.eclipse.swt\EBWebView\Default lastActive=2026-09-18T01:00:30.342Z
2026-09-18 07:04:30.136: [INFO] LastUsedProfileDir: C:\02Workspaces\15JSP\.metadata\.plugins\org.eclipse.swt\EBWebView\Default
2026-09-18 07:04:30.136: [INFO] MostRecentlyActiveProfile: name=프로필 1 path=C:\02Workspaces\15JSP\.metadata\.plugins\org.eclipse.swt\EBWebView\Default lastActive=2026-09-18T01:00:30.342Z
2026-09-18 07:04:30.136: [INFO] OnDoneLoading sync enabled: 0
2026-09-18 07:04:30.136: [INFO] BookmarkModelLoaded, ids_reassigned: 0
2026-09-18 07:04:30.136: [INFO] BookmarksLoadDropped droppedNodes=0
2026-09-18 07:04:30.136: [INFO] BookmarksSnapshot Startup total=0 bar=0 other=0 mobile=0 showBar=0 showBarNTP=1
2026-09-18 07:04:42.965: [INFO] BookmarksSnapshot Shutdown total=0 bar=0 other=0 mobile=0 showBar=0 showBarNTP=1
2026-09-21 01:16:39.387: [INFO] CurrentProfilePath: C:\02Workspaces\15JSP\.metadata\.plugins\org.eclipse.swt\EBWebView\Default
2026-09-21 01:16:39.387: [INFO] Profiles total count: 1
2026-09-21 01:16:39.387: [INFO] Profile: name=프로필 1 path=C:\02Workspaces\15JSP\.metadata\.plugins\org.eclipse.swt\EBWebView\Default lastActive=2026-09-18T01:00:30.342Z
2026-09-21 01:16:39.387: [INFO] LastUsedProfileDir: C:\02Workspaces\15JSP\.metadata\.plugins\org.eclipse.swt\EBWebView\Default
2026-09-21 01:16:39.387: [INFO] MostRecentlyActiveProfile: name=프로필 1 path=C:\02Workspaces\15JSP\.metadata\.plugins\org.eclipse.swt\EBWebView\Default lastActive=2026-09-18T01:00:30.342Z
2026-09-21 01:16:39.387: [INFO] OnDoneLoading sync enabled: 0
2026-09-21 01:16:39.387: [INFO] BookmarkModelLoaded, ids_reassigned: 0
2026-09-21 01:16:39.387: [INFO] BookmarksLoadDropped droppedNodes=0
2026-09-21 01:16:39.387: [INFO] BookmarksSnapshot Startup total=0 bar=0 other=0 mobile=0 showBar=0 showBarNTP=1
2026-09-21 01:16:42.396: [INFO] BookmarksSnapshot Shutdown total=0 bar=0 other=0 mobile=0 showBar=0 showBarNTP=1
2026-09-21 01:17:21.174: [INFO] CurrentProfilePath: C:\02Workspaces\15JSP\.metadata\.plugins\org.eclipse.swt\EBWebView\Default
2026-09-21 01:17:21.174: [INFO] Profiles total count: 1
2026-09-21 01:17:21.175: [INFO] Profile: name=프로필 1 path=C:\02Workspaces\15JSP\.metadata\.plugins\org.eclipse.swt\EBWebView\Default lastActive=2026-09-18T01:00:30.342Z
2026-09-21 01:17:21.175: [INFO] LastUsedProfileDir: C:\02Workspaces\15JSP\.metadata\.plugins\org.eclipse.swt\EBWebView\Default
2026-09-21 01:17:21.175: [INFO] MostRecentlyActiveProfile: name=프로필 1 path=C:\02Workspaces\15JSP\.metadata\.plugins\org.eclipse.swt\EBWebView\Default lastActive=2026-09-18T01:00:30.342Z
2026-09-21 01:17:21.175: [INFO] OnDoneLoading sync enabled: 0
2026-09-21 01:17:21.175: [INFO] BookmarkModelLoaded, ids_reassigned: 0
2026-09-21 01:17:21.175: [INFO] BookmarksLoadDropped droppedNodes=0
2026-09-21 01:17:21.175: [INFO] BookmarksSnapshot Startup total=0 bar=0 other=0 mobile=0 showBar=0 showBarNTP=1
2026-09-21 01:17:28.733: [INFO] BookmarksSnapshot Shutdown total=0 bar=0 other=0 mobile=0 showBar=0 showBarNTP=1
2026-09-21 01:17:34.790: [INFO] CurrentProfilePath: C:\02Workspaces\15JSP\.metadata\.plugins\org.eclipse.swt\EBWebView\Default
2026-09-21 01:17:34.790: [INFO] Profiles total count: 1
2026-09-21 01:17:34.790: [INFO] Profile: name=프로필 1 path=C:\02Workspaces\15JSP\.metadata\.plugins\org.eclipse.swt\EBWebView\Default lastActive=2026-09-18T01:00:30.342Z
2026-09-21 01:17:34.790: [INFO] LastUsedProfileDir: C:\02Workspaces\15JSP\.metadata\.plugins\org.eclipse.swt\EBWebView\Default
2026-09-21 01:17:34.790: [INFO] MostRecentlyActiveProfile: name=프로필 1 path=C:\02Workspaces\15JSP\.metadata\.plugins\org.eclipse.swt\EBWebView\Default lastActive=2026-09-18T01:00:30.342Z
2026-09-21 01:17:34.790: [INFO] OnDoneLoading sync enabled: 0
2026-09-21 01:17:34.790: [INFO] BookmarkModelLoaded, ids_reassigned: 0
2026-09-21 01:17:34.790: [INFO] BookmarksLoadDropped droppedNodes=0
2026-09-21 01:17:34.790: [INFO] BookmarksSnapshot Startup total=0 bar=0 other=0 mobile=0 showBar=0 showBarNTP=1
2026-09-21 01:17:34.869: [INFO] BookmarksSnapshot Shutdown total=0 bar=0 other=0 mobile=0 showBar=0 showBarNTP=1
2026-09-21 01:33:14.044: [INFO] CurrentProfilePath: C:\02Workspaces\15JSP\.metadata\.plugins\org.eclipse.swt\EBWebView\Default
2026-09-21 01:33:14.044: [INFO] Profiles total count: 1
2026-09-21 01:33:14.044: [INFO] Profile: name=프로필 1 path=C:\02Workspaces\15JSP\.metadata\.plugins\org.eclipse.swt\EBWebView\Default lastActive=2026-09-18T01:00:30.342Z
2026-09-21 01:33:14.044: [INFO] LastUsedProfileDir: C:\02Workspaces\15JSP\.metadata\.plugins\org.eclipse.swt\EBWebView\Default
2026-09-21 01:33:14.044: [INFO] MostRecentlyActiveProfile: name=프로필 1 path=C:\02Workspaces\15JSP\.metadata\.plugins\org.eclipse.swt\EBWebView\Default lastActive=2026-09-18T01:00:30.342Z
2026-09-21 01:33:14.044: [INFO] OnDoneLoading sync enabled: 0
2026-09-21 01:33:14.044: [INFO] BookmarkModelLoaded, ids_reassigned: 0
2026-09-21 01:33:14.044: [INFO] BookmarksLoadDropped droppedNodes=0
2026-09-21 01:33:14.044: [INFO] BookmarksSnapshot Startup total=0 bar=0 other=0 mobile=0 showBar=0 showBarNTP=1
2026-09-21 01:33:16.516: [INFO] BookmarksSnapshot Shutdown total=0 bar=0 other=0 mobile=0 showBar=0 showBarNTP=1
2026-09-21 01:33:21.155: [INFO] CurrentProfilePath: C:\02Workspaces\15JSP\.metadata\.plugins\org.eclipse.swt\EBWebView\Default
2026-09-21 01:33:21.155: [INFO] Profiles total count: 1
2026-09-21 01:33:21.155: [INFO] Profile: name=프로필 1 path=C:\02Workspaces\15JSP\.metadata\.plugins\org.eclipse.swt\EBWebView\Default lastActive=2026-09-18T01:00:30.342Z
2026-09-21 01:33:21.155: [INFO] LastUsedProfileDir: C:\02Workspaces\15JSP\.metadata\.plugins\org.eclipse.swt\EBWebView\Default
2026-09-21 01:33:21.155: [INFO] MostRecentlyActiveProfile: name=프로필 1 path=C:\02Workspaces\15JSP\.metadata\.plugins\org.eclipse.swt\EBWebView\Default lastActive=2026-09-18T01:00:30.342Z
2026-09-21 01:33:21.155: [INFO] OnDoneLoading sync enabled: 0
2026-09-21 01:33:21.155: [INFO] BookmarkModelLoaded, ids_reassigned: 0
2026-09-21 01:33:21.155: [INFO] BookmarksLoadDropped droppedNodes=0
2026-09-21 01:33:21.155: [INFO] BookmarksSnapshot Startup total=0 bar=0 other=0 mobile=0 showBar=0 showBarNTP=1
2026-09-21 01:33:21.241: [INFO] BookmarksSnapshot Shutdown total=0 bar=0 other=0 mobile=0 showBar=0 showBarNTP=1
2026-09-21 01:33:48.513: [INFO] CurrentProfilePath: C:\02Workspaces\15JSP\.metadata\.plugins\org.eclipse.swt\EBWebView\Default
2026-09-21 01:33:48.513: [INFO] Profiles total count: 1
2026-09-21 01:33:48.513: [INFO] Profile: name=프로필 1 path=C:\02Workspaces\15JSP\.metadata\.plugins\org.eclipse.swt\EBWebView\Default lastActive=2026-09-18T01:00:30.342Z
2026-09-21 01:33:48.513: [INFO] LastUsedProfileDir: C:\02Workspaces\15JSP\.metadata\.plugins\org.eclipse.swt\EBWebView\Default
2026-09-21 01:33:48.513: [INFO] MostRecentlyActiveProfile: name=프로필 1 path=C:\02Workspaces\15JSP\.metadata\.plugins\org.eclipse.swt\EBWebView\Default lastActive=2026-09-18T01:00:30.342Z
2026-09-21 01:33:48.513: [INFO] OnDoneLoading sync enabled: 0
2026-09-21 01:33:48.513: [INFO] BookmarkModelLoaded, ids_reassigned: 0
2026-09-21 01:33:48.513: [INFO] BookmarksLoadDropped droppedNodes=0
2026-09-21 01:33:48.513: [INFO] BookmarksSnapshot Startup total=0 bar=0 other=0 mobile=0 showBar=0 showBarNTP=1
2026-09-21 01:33:58.070: [INFO] BookmarksSnapshot Shutdown total=0 bar=0 other=0 mobile=0 showBar=0 showBarNTP=1
2026-09-21 01:40:42.217: [INFO] CurrentProfilePath: C:\02Workspaces\15JSP\.metadata\.plugins\org.eclipse.swt\EBWebView\Default
2026-09-21 01:40:42.217: [INFO] Profiles total count: 1
2026-09-21 01:40:42.217: [INFO] Profile: name=프로필 1 path=C:\02Workspaces\15JSP\.metadata\.plugins\org.eclipse.swt\EBWebView\Default lastActive=2026-09-18T01:00:30.342Z
2026-09-21 01:40:42.217: [INFO] LastUsedProfileDir: C:\02Workspaces\15JSP\.metadata\.plugins\org.eclipse.swt\EBWebView\Default
2026-09-21 01:40:42.217: [INFO] MostRecentlyActiveProfile: name=프로필 1 path=C:\02Workspaces\15JSP\.metadata\.plugins\org.eclipse.swt\EBWebView\Default lastActive=2026-09-18T01:00:30.342Z
2026-09-21 01:40:42.217: [INFO] OnDoneLoading sync enabled: 0
2026-09-21 01:40:42.217: [INFO] BookmarkModelLoaded, ids_reassigned: 0
2026-09-21 01:40:42.217: [INFO] BookmarksLoadDropped droppedNodes=0
2026-09-21 01:40:42.217: [INFO] BookmarksSnapshot Startup total=0 bar=0 other=0 mobile=0 showBar=0 showBarNTP=1
2026-09-21 01:40:45.132: [INFO] BookmarksSnapshot Shutdown total=0 bar=0 other=0 mobile=0 showBar=0 showBarNTP=1
2026-09-21 01:40:57.466: [INFO] CurrentProfilePath: C:\02Workspaces\15JSP\.metadata\.plugins\org.eclipse.swt\EBWebView\Default
2026-09-21 01:40:57.466: [INFO] Profiles total count: 1
2026-09-21 01:40:57.466: [INFO] Profile: name=프로필 1 path=C:\02Workspaces\15JSP\.metadata\.plugins\org.eclipse.swt\EBWebView\Default lastActive=2026-09-18T01:00:30.342Z
2026-09-21 01:40:57.466: [INFO] LastUsedProfileDir: C:\02Workspaces\15JSP\.metadata\.plugins\org.eclipse.swt\EBWebView\Default
2026-09-21 01:40:57.466: [INFO] MostRecentlyActiveProfile: name=프로필 1 path=C:\02Workspaces\15JSP\.metadata\.plugins\org.eclipse.swt\EBWebView\Default lastActive=2026-09-18T01:00:30.342Z
2026-09-21 01:40:57.466: [INFO] OnDoneLoading sync enabled: 0
2026-09-21 01:40:57.466: [INFO] BookmarkModelLoaded, ids_reassigned: 0
2026-09-21 01:40:57.466: [INFO] BookmarksLoadDropped droppedNodes=0
2026-09-21 01:40:57.466: [INFO] BookmarksSnapshot Startup total=0 bar=0 other=0 mobile=0 showBar=0 showBarNTP=1
2026-09-21 01:40:59.852: [INFO] BookmarksSnapshot Shutdown total=0 bar=0 other=0 mobile=0 showBar=0 showBarNTP=1
2026-09-21 01:44:42.030: [INFO] CurrentProfilePath: C:\02Workspaces\15JSP\.metadata\.plugins\org.eclipse.swt\EBWebView\Default
2026-09-21 01:44:42.030: [INFO] Profiles total count: 1
2026-09-21 01:44:42.030: [INFO] Profile: name=프로필 1 path=C:\02Workspaces\15JSP\.metadata\.plugins\org.eclipse.swt\EBWebView\Default lastActive=2026-09-18T01:00:30.342Z
2026-09-21 01:44:42.030: [INFO] LastUsedProfileDir: C:\02Workspaces\15JSP\.metadata\.plugins\org.eclipse.swt\EBWebView\Default
2026-09-21 01:44:42.030: [INFO] MostRecentlyActiveProfile: name=프로필 1 path=C:\02Workspaces\15JSP\.metadata\.plugins\org.eclipse.swt\EBWebView\Default lastActive=2026-09-18T01:00:30.342Z
2026-09-21 01:44:42.030: [INFO] OnDoneLoading sync enabled: 0
2026-09-21 01:44:42.030: [INFO] BookmarkModelLoaded, ids_reassigned: 0
2026-09-21 01:44:42.030: [INFO] BookmarksLoadDropped droppedNodes=0
2026-09-21 01:44:42.030: [INFO] BookmarksSnapshot Startup total=0 bar=0 other=0 mobile=0 showBar=0 showBarNTP=1
2026-09-21 01:44:42.121: [INFO] BookmarksSnapshot Shutdown total=0 bar=0 other=0 mobile=0 showBar=0 showBarNTP=1
2026-09-21 01:44:46.533: [INFO] CurrentProfilePath: C:\02Workspaces\15JSP\.metadata\.plugins\org.eclipse.swt\EBWebView\Default
2026-09-21 01:44:46.533: [INFO] Profiles total count: 1
2026-09-21 01:44:46.533: [INFO] Profile: name=프로필 1 path=C:\02Workspaces\15JSP\.metadata\.plugins\org.eclipse.swt\EBWebView\Default lastActive=2026-09-18T01:00:30.342Z
2026-09-21 01:44:46.533: [INFO] LastUsedProfileDir: C:\02Workspaces\15JSP\.metadata\.plugins\org.eclipse.swt\EBWebView\Default
2026-09-21 01:44:46.533: [INFO] MostRecentlyActiveProfile: name=프로필 1 path=C:\02Workspaces\15JSP\.metadata\.plugins\org.eclipse.swt\EBWebView\Default lastActive=2026-09-18T01:00:30.342Z
2026-09-21 01:44:46.533: [INFO] OnDoneLoading sync enabled: 0
2026-09-21 01:44:46.533: [INFO] BookmarkModelLoaded, ids_reassigned: 0
2026-09-21 01:44:46.533: [INFO] BookmarksLoadDropped droppedNodes=0
2026-09-21 01:44:46.533: [INFO] BookmarksSnapshot Startup total=0 bar=0 other=0 mobile=0 showBar=0 showBarNTP=1
2026-09-21 01:44:46.633: [INFO] BookmarksSnapshot Shutdown total=0 bar=0 other=0 mobile=0 showBar=0 showBarNTP=1
2026-09-21 01:45:21.929: [INFO] CurrentProfilePath: C:\02Workspaces\15JSP\.metadata\.plugins\org.eclipse.swt\EBWebView\Default
2026-09-21 01:45:21.929: [INFO] Profiles total count: 1
2026-09-21 01:45:21.929: [INFO] Profile: name=프로필 1 path=C:\02Workspaces\15JSP\.metadata\.plugins\org.eclipse.swt\EBWebView\Default lastActive=2026-09-18T01:00:30.342Z
2026-09-21 01:45:21.929: [INFO] LastUsedProfileDir: C:\02Workspaces\15JSP\.metadata\.plugins\org.eclipse.swt\EBWebView\Default
2026-09-21 01:45:21.929: [INFO] MostRecentlyActiveProfile: name=프로필 1 path=C:\02Workspaces\15JSP\.metadata\.plugins\org.eclipse.swt\EBWebView\Default lastActive=2026-09-18T01:00:30.342Z
2026-09-21 01:45:21.929: [INFO] OnDoneLoading sync enabled: 0
2026-09-21 01:45:21.929: [INFO] BookmarkModelLoaded, ids_reassigned: 0
2026-09-21 01:45:21.929: [INFO] BookmarksLoadDropped droppedNodes=0
2026-09-21 01:45:21.930: [INFO] BookmarksSnapshot Startup total=0 bar=0 other=0 mobile=0 showBar=0 showBarNTP=1
2026-09-21 01:45:22.016: [INFO] BookmarksSnapshot Shutdown total=0 bar=0 other=0 mobile=0 showBar=0 showBarNTP=1
2026-09-21 01:45:46.834: [INFO] CurrentProfilePath: C:\02Workspaces\15JSP\.metadata\.plugins\org.eclipse.swt\EBWebView\Default
2026-09-21 01:45:46.834: [INFO] Profiles total count: 1
2026-09-21 01:45:46.834: [INFO] Profile: name=프로필 1 path=C:\02Workspaces\15JSP\.metadata\.plugins\org.eclipse.swt\EBWebView\Default lastActive=2026-09-18T01:00:30.342Z
2026-09-21 01:45:46.834: [INFO] LastUsedProfileDir: C:\02Workspaces\15JSP\.metadata\.plugins\org.eclipse.swt\EBWebView\Default
2026-09-21 01:45:46.834: [INFO] MostRecentlyActiveProfile: name=프로필 1 path=C:\02Workspaces\15JSP\.metadata\.plugins\org.eclipse.swt\EBWebView\Default lastActive=2026-09-18T01:00:30.342Z
2026-09-21 01:45:46.834: [INFO] OnDoneLoading sync enabled: 0
2026-09-21 01:45:46.834: [INFO] BookmarkModelLoaded, ids_reassigned: 0
2026-09-21 01:45:46.834: [INFO] BookmarksLoadDropped droppedNodes=0
2026-09-21 01:45:46.834: [INFO] BookmarksSnapshot Startup total=0 bar=0 other=0 mobile=0 showBar=0 showBarNTP=1
2026-09-21 01:45:46.923: [INFO] BookmarksSnapshot Shutdown total=0 bar=0 other=0 mobile=0 showBar=0 showBarNTP=1
2026-09-21 01:52:45.520: [INFO] CurrentProfilePath: C:\02Workspaces\15JSP\.metadata\.plugins\org.eclipse.swt\EBWebView\Default
2026-09-21 01:52:45.520: [INFO] Profiles total count: 1
2026-09-21 01:52:45.520: [INFO] Profile: name=프로필 1 path=C:\02Workspaces\15JSP\.metadata\.plugins\org.eclipse.swt\EBWebView\Default lastActive=2026-09-18T01:00:30.342Z
2026-09-21 01:52:45.520: [INFO] LastUsedProfileDir: C:\02Workspaces\15JSP\.metadata\.plugins\org.eclipse.swt\EBWebView\Default
2026-09-21 01:52:45.520: [INFO] MostRecentlyActiveProfile: name=프로필 1 path=C:\02Workspaces\15JSP\.metadata\.plugins\org.eclipse.swt\EBWebView\Default lastActive=2026-09-18T01:00:30.342Z
2026-09-21 01:52:45.520: [INFO] OnDoneLoading sync enabled: 0
2026-09-21 01:52:45.520: [INFO] BookmarkModelLoaded, ids_reassigned: 0
2026-09-21 01:52:45.520: [INFO] BookmarksLoadDropped droppedNodes=0
2026-09-21 01:52:45.520: [INFO] BookmarksSnapshot Startup total=0 bar=0 other=0 mobile=0 showBar=0 showBarNTP=1
2026-09-21 01:52:48.229: [INFO] BookmarksSnapshot Shutdown total=0 bar=0 other=0 mobile=0 showBar=0 showBarNTP=1
2026-09-21 02:07:28.189: [INFO] CurrentProfilePath: C:\02Workspaces\15JSP\.metadata\.plugins\org.eclipse.swt\EBWebView\Default
2026-09-21 02:07:28.189: [INFO] Profiles total count: 1
2026-09-21 02:07:28.189: [INFO] Profile: name=프로필 1 path=C:\02Workspaces\15JSP\.metadata\.plugins\org.eclipse.swt\EBWebView\Default lastActive=2026-09-18T01:00:30.342Z
2026-09-21 02:07:28.189: [INFO] LastUsedProfileDir: C:\02Workspaces\15JSP\.metadata\.plugins\org.eclipse.swt\EBWebView\Default
2026-09-21 02:07:28.189: [INFO] MostRecentlyActiveProfile: name=프로필 1 path=C:\02Workspaces\15JSP\.metadata\.plugins\org.eclipse.swt\EBWebView\Default lastActive=2026-09-18T01:00:30.342Z
2026-09-21 02:07:28.189: [INFO] OnDoneLoading sync enabled: 0
2026-09-21 02:07:28.189: [INFO] BookmarkModelLoaded, ids_reassigned: 0
2026-09-21 02:07:28.189: [INFO] BookmarksLoadDropped droppedNodes=0
2026-09-21 02:07:28.189: [INFO] BookmarksSnapshot Startup total=0 bar=0 other=0 mobile=0 showBar=0 showBarNTP=1
2026-09-21 02:07:32.786: [INFO] BookmarksSnapshot Shutdown total=0 bar=0 other=0 mobile=0 showBar=0 showBarNTP=1
2026-09-21 02:09:39.678: [INFO] CurrentProfilePath: C:\02Workspaces\15JSP\.metadata\.plugins\org.eclipse.swt\EBWebView\Default
2026-09-21 02:09:39.678: [INFO] Profiles total count: 1
2026-09-21 02:09:39.678: [INFO] Profile: name=프로필 1 path=C:\02Workspaces\15JSP\.metadata\.plugins\org.eclipse.swt\EBWebView\Default lastActive=2026-09-18T01:00:30.342Z
2026-09-21 02:09:39.678: [INFO] LastUsedProfileDir: C:\02Workspaces\15JSP\.metadata\.plugins\org.eclipse.swt\EBWebView\Default
2026-09-21 02:09:39.678: [INFO] MostRecentlyActiveProfile: name=프로필 1 path=C:\02Workspaces\15JSP\.metadata\.plugins\org.eclipse.swt\EBWebView\Default lastActive=2026-09-18T01:00:30.342Z
2026-09-21 02:09:39.678: [INFO] OnDoneLoading sync enabled: 0
2026-09-21 02:09:39.678: [INFO] BookmarkModelLoaded, ids_reassigned: 0
2026-09-21 02:09:39.678: [INFO] BookmarksLoadDropped droppedNodes=0
2026-09-21 02:09:39.678: [INFO] BookmarksSnapshot Startup total=0 bar=0 other=0 mobile=0 showBar=0 showBarNTP=1
2026-09-21 02:11:00.701: [INFO] BookmarksSnapshot Shutdown total=0 bar=0 other=0 mobile=0 showBar=0 showBarNTP=1
2026-09-21 02:14:12.802: [INFO] CurrentProfilePath: C:\02Workspaces\15JSP\.metadata\.plugins\org.eclipse.swt\EBWebView\Default
2026-09-21 02:14:12.802: [INFO] Profiles total count: 1
2026-09-21 02:14:12.802: [INFO] Profile: name=프로필 1 path=C:\02Workspaces\15JSP\.metadata\.plugins\org.eclipse.swt\EBWebView\Default lastActive=2026-09-18T01:00:30.342Z
2026-09-21 02:14:12.802: [INFO] LastUsedProfileDir: C:\02Workspaces\15JSP\.metadata\.plugins\org.eclipse.swt\EBWebView\Default
2026-09-21 02:14:12.802: [INFO] MostRecentlyActiveProfile: name=프로필 1 path=C:\02Workspaces\15JSP\.metadata\.plugins\org.eclipse.swt\EBWebView\Default lastActive=2026-09-18T01:00:30.342Z
2026-09-21 02:14:12.802: [INFO] OnDoneLoading sync enabled: 0
2026-09-21 02:14:12.802: [INFO] BookmarkModelLoaded, ids_reassigned: 0
2026-09-21 02:14:12.802: [INFO] BookmarksLoadDropped droppedNodes=0
2026-09-21 02:14:12.802: [INFO] BookmarksSnapshot Startup total=0 bar=0 other=0 mobile=0 showBar=0 showBarNTP=1
2026-09-21 02:14:15.057: [INFO] BookmarksSnapshot Shutdown total=0 bar=0 other=0 mobile=0 showBar=0 showBarNTP=1
2026-09-21 02:20:14.521: [INFO] CurrentProfilePath: C:\02Workspaces\15JSP\.metadata\.plugins\org.eclipse.swt\EBWebView\Default
2026-09-21 02:20:14.521: [INFO] Profiles total count: 1
2026-09-21 02:20:14.521: [INFO] Profile: name=프로필 1 path=C:\02Workspaces\15JSP\.metadata\.plugins\org.eclipse.swt\EBWebView\Default lastActive=2026-09-18T01:00:30.342Z
2026-09-21 02:20:14.521: [INFO] LastUsedProfileDir: C:\02Workspaces\15JSP\.metadata\.plugins\org.eclipse.swt\EBWebView\Default
2026-09-21 02:20:14.521: [INFO] MostRecentlyActiveProfile: name=프로필 1 path=C:\02Workspaces\15JSP\.metadata\.plugins\org.eclipse.swt\EBWebView\Default lastActive=2026-09-18T01:00:30.342Z
2026-09-21 02:20:14.521: [INFO] OnDoneLoading sync enabled: 0
2026-09-21 02:20:14.521: [INFO] BookmarkModelLoaded, ids_reassigned: 0
2026-09-21 02:20:14.521: [INFO] BookmarksLoadDropped droppedNodes=0
2026-09-21 02:20:14.521: [INFO] BookmarksSnapshot Startup total=0 bar=0 other=0 mobile=0 showBar=0 showBarNTP=1
2026-09-21 02:20:18.694: [INFO] BookmarksSnapshot Shutdown total=0 bar=0 other=0 mobile=0 showBar=0 showBarNTP=1
2026-09-21 02:43:20.120: [INFO] CurrentProfilePath: C:\02Workspaces\15JSP\.metadata\.plugins\org.eclipse.swt\EBWebView\Default
2026-09-21 02:43:20.120: [INFO] Profiles total count: 1
2026-09-21 02:43:20.121: [INFO] Profile: name=프로필 1 path=C:\02Workspaces\15JSP\.metadata\.plugins\org.eclipse.swt\EBWebView\Default lastActive=2026-09-18T01:00:30.342Z
2026-09-21 02:43:20.121: [INFO] LastUsedProfileDir: C:\02Workspaces\15JSP\.metadata\.plugins\org.eclipse.swt\EBWebView\Default
2026-09-21 02:43:20.121: [INFO] MostRecentlyActiveProfile: name=프로필 1 path=C:\02Workspaces\15JSP\.metadata\.plugins\org.eclipse.swt\EBWebView\Default lastActive=2026-09-18T01:00:30.342Z
2026-09-21 02:43:20.121: [INFO] OnDoneLoading sync enabled: 0
2026-09-21 02:43:20.121: [INFO] BookmarkModelLoaded, ids_reassigned: 0
2026-09-21 02:43:20.121: [INFO] BookmarksLoadDropped droppedNodes=0
2026-09-21 02:43:20.121: [INFO] BookmarksSnapshot Startup total=0 bar=0 other=0 mobile=0 showBar=0 showBarNTP=1
2026-09-21 02:43:28.351: [INFO] BookmarksSnapshot Shutdown total=0 bar=0 other=0 mobile=0 showBar=0 showBarNTP=1
